------------------------------------------------------------
Timing Analyzer Summary
------------------------------------------------------------

Type  : Slow 1100mV 85C Model Setup 'clk_f'
Slack : -0.220
TNS   : -1.320

Type  : Slow 1100mV 85C Model Hold 'clk_f'
Slack : 0.301
TNS   : 0.000

Type  : Slow 1100mV 85C Model Minimum Pulse Width 'clk_f'
Slack : -0.394
TNS   : -3.666

Type  : Slow 1100mV 0C Model Setup 'clk_f'
Slack : -0.264
TNS   : -1.546

Type  : Slow 1100mV 0C Model Hold 'clk_f'
Slack : 0.284
TNS   : 0.000

Type  : Slow 1100mV 0C Model Minimum Pulse Width 'clk_f'
Slack : -0.394
TNS   : -3.970

Type  : Fast 1100mV 85C Model Setup 'clk_f'
Slack : 0.302
TNS   : 0.000

Type  : Fast 1100mV 85C Model Hold 'clk_f'
Slack : 0.169
TNS   : 0.000

Type  : Fast 1100mV 85C Model Minimum Pulse Width 'clk_f'
Slack : -0.080
TNS   : -0.551

Type  : Fast 1100mV 0C Model Setup 'clk_f'
Slack : 0.331
TNS   : 0.000

Type  : Fast 1100mV 0C Model Hold 'clk_f'
Slack : 0.156
TNS   : 0.000

Type  : Fast 1100mV 0C Model Minimum Pulse Width 'clk_f'
Slack : -0.083
TNS   : -0.575

------------------------------------------------------------
